---
source: tests/aws_identity_frozen_tests.rs
expression: credentials
---
{
  "access_key_id": "AKIAIOSFODNN7EXAMPLE",
  "secret_access_key": "wJalrXUtnFEMI/K7MDENG/bPxRfiCYEXAMPLEKEY",
  "session_token": "AQoDYXdzEJr...<EXAMPLE-TOKEN>",
  "expiration": "2025-01-01T12:00:00Z"
}
