---
source: tests/projects_frozen_tests.rs
expression: node
---
{
  "resource_id": "MyInstance",
  "depends_on": [
    "MySecurityGroup"
  ]
}
