---
source: tests/aws_identity_frozen_tests.rs
expression: account
---
{
  "account_id": "123456789012",
  "account_name": "Production",
  "account_email": "admin@example.com",
  "role_name": "PowerUserRole",
  "credentials": null
}
