---
source: tests/test_projects_frozen.rs
assertion_line: 50
expression: env
---
{
  "name": "Staging",
  "aws_regions": [
    "us-west-2",
    "eu-central-1"
  ],
  "aws_accounts": [
    "111222333444"
  ]
}
