---
source: tests/test_aws_identity_frozen.rs
assertion_line: 15
expression: credentials
---
{
  "access_key_id": "AKIAIOSFODNN7EXAMPLE",
  "secret_access_key": "wJalrXUtnFEMI/K7MDENG/bPxRfiCYEXAMPLEKEY",
  "session_token": "AQoDYXdzEJr...<EXAMPLE-TOKEN>",
  "expiration": "2025-01-01T12:00:00Z"
}
