---
source: tests/test_aws_identity_frozen.rs
assertion_line: 29
expression: account
---
{
  "account_id": "123456789012",
  "account_name": "Production",
  "account_email": "admin@example.com",
  "role_name": "PowerUserRole",
  "credentials": null
}
